[digiporto.webflow.io/index.html]
[backblue.gif]
[fade.gif]
[index.html]
[cdn.prod.website-files.com/6713703e3467616e3789da0c/css/digiporto.webflow.cd137104e.css]
[ajax.googleapis.com/ajax/libs/webfont/1.6.26/webfont.js]
[cdn.prod.website-files.com/6713703e3467616e3789da0c/67226a8d2bb1e596aefd5def_Favicon.png]
[cdn.prod.website-files.com/6713703e3467616e3789da0c/67226a92490827bb52151376_Webclip.png]
[cdn.prod.website-files.com/6713703e3467616e3789da0c/6717496efabaf858d428882f_tirza-van-dijk-o1SKqmgSDbg-unsplash.jpg]
[cdn.prod.website-files.com/6713703e3467616e3789da0c/671748c9755e7bf5286d3b73_andy-brown-cVLHo7nJumQ-unsplash.jpg]
[cdn.prod.website-files.com/6713703e3467616e3789da0c/671748c9421922d20f2409b1_firosnv-photography-Z2c6ounF-iE-unsplash.jpg]
[cdn.prod.website-files.com/6713703e3467616e3789da0c/671748c86379aa35d2923735_ux-indonesia-1V5zGGTYXVc-unsplash.jpg]
[digiporto.webflow.io/project/shopease-redesign-sprint.html]
[cdn.prod.website-files.com/6717a0f7f2f90b50be3dabb3/6717aeb1f9dba07881beb757_4257445.jpg]
[digiporto.webflow.io/project/summer-vibes-festival-campaign.html]
[cdn.prod.website-files.com/6717a0f7f2f90b50be3dabb3/6717c75f81a0c7dcde696f87_SL_111820_38130_29.jpg]
[digiporto.webflow.io/project/lensfocus-portfolio-launch.html]
[cdn.prod.website-files.com/6717a0f7f2f90b50be3dabb3/67185675f7043a694626eafe_5206435.jpg]
[digiporto.webflow.io/project/innovatetech-identity-rollout.html]
[cdn.prod.website-files.com/6717a0f7f2f90b50be3dabb3/6718569a85e736e6a50bc68b_5740358.jpg]
[digiporto.webflow.io/template-info/license.html]
[digiporto.webflow.io/template-info/style-guide.html]
[digiporto.webflow.io/template-info/change-log.html]
[d3e54v103j8qbb.cloudfront.net/js/jquery-3.5.1.min.dc5e7f18c89117.js]
[digiporto.webflow.io/index.html]
[cdn.prod.website-files.com/6713703e3467616e3789da0c/js/webflow.789e3c869.js]
[cdn.prod.website-files.com/6713703e3467616e3789da0c/Sukanth.jpg]
[cdn.prod.website-files.com/6713703e3467616e3789da0c/6720934d550b8df208a3c7f7_nubelson-fernandes-6rrIT4YcqoI-unsplash.jpg]
[cdn.prod.website-files.com/6713703e3467616e3789da0c/css/digiporto.webflow.cd137104e.css]
[cdn.prod.website-files.com/6717a0f7f2f90b50be3dabb3/671fb8d206cae46a1e2844de_v922-kul-18b.jpg]
[cdn.prod.website-files.com/6717a0f7f2f90b50be3dabb3/671fb8d84c19fcdafa3d8e02_flat-lay-nutritional-counter-app.jpg]
[cdn.prod.website-files.com/6717a0f7f2f90b50be3dabb3/671fb8dc39894efb5cf2686c_flat-lay-nutritional-counter-app-concept.jpg]
[cdn.prod.website-files.com/6717a0f7f2f90b50be3dabb3/67206b81befd4e649227319b_v922-kul-18.jpg]
[cdn.prod.website-files.com/6717a0f7f2f90b50be3dabb3/67206b7db08384ab0ea6bc97_fujiphilm-AMJybv8xEaM-unsplash.jpg]
[cdn.prod.website-files.com/6717a0f7f2f90b50be3dabb3/67206b86fb764a57c46d981b_luminescent-technology-application-(1).jpg]
[cdn.prod.website-files.com/6717a0f7f2f90b50be3dabb3/67206b8b2301e329497cc3d2_3d-rendering-website-hosting-concept.jpg]
[cdn.prod.website-files.com/6717a0f7f2f90b50be3dabb3/671fb8e439254baf842664af_representations-user-experience-interface-design.jpg]
[digiporto.webflow.io/project/shopease-redesign-sprint.html]
[cdn.prod.website-files.com/6717a0f7f2f90b50be3dabb3/6720821959c3a0c5e206ce41_93754.jpg]
[cdn.prod.website-files.com/6717a0f7f2f90b50be3dabb3/6720821f9f2633eb1c462bca_3789596.jpg]
[cdn.prod.website-files.com/6717a0f7f2f90b50be3dabb3/67208217fd99b802a96e5438_93755.jpg]
[cdn.prod.website-files.com/6717a0f7f2f90b50be3dabb3/672082309f2633eb1c4636a1_rm245-sasi-brochure-01.jpg]
[cdn.prod.website-files.com/6717a0f7f2f90b50be3dabb3/6720824425727d8e1a1cb4be_5206340.jpg]
[digiporto.webflow.io/project/summer-vibes-festival-campaign.html]
[cdn.prod.website-files.com/6717a0f7f2f90b50be3dabb3/67208486eda16beaed9dc440_pf-s108-blogbanner-10-googlefocus-ps.jpg]
[cdn.prod.website-files.com/6717a0f7f2f90b50be3dabb3/6720848925727d8e1a1eff72_3410470.jpg]
[cdn.prod.website-files.com/6717a0f7f2f90b50be3dabb3/6720848d67066b0d7a3049d1_202.jpg]
[cdn.prod.website-files.com/6717a0f7f2f90b50be3dabb3/6720849117b1d796d9067f53_3663655.jpg]
[digiporto.webflow.io/project/lensfocus-portfolio-launch.html]
[cdn.prod.website-files.com/6717a0f7f2f90b50be3dabb3/6720863c41d8474775bf4ea9_top-view-career-guidance-items-designers.jpg]
[cdn.prod.website-files.com/6717a0f7f2f90b50be3dabb3/67208641fc600199c9c5b2f3_3396768.jpg]
[cdn.prod.website-files.com/6717a0f7f2f90b50be3dabb3/67208646932b41a17152d2fc_3930357.jpg]
[cdn.prod.website-files.com/6717a0f7f2f90b50be3dabb3/6720864afd99b802a9728771_3942394.jpg]
[cdn.prod.website-files.com/6717a0f7f2f90b50be3dabb3/6720865095f5fc8d568a040b_sl_031720_29020_14.jpg]
[digiporto.webflow.io/project/innovatetech-identity-rollout.html]
[cdn.prod.website-files.com/6713703e3467616e3789da0c/6724deed9891f3689c77fc09_freepik-img.jpg]
[cdn.prod.website-files.com/6713703e3467616e3789da0c/6724deec9891f3689c77fbe1_photo-source-img.jpg]
[cdn.prod.website-files.com/6713703e3467616e3789da0c/6724deec9891f3689c77fbd1_icon-source-img.jpg]
[digiporto.webflow.io/template-info/license.html]
[digiporto.webflow.io/template-info/style-guide.html]
[digiporto.webflow.io/template-info/change-log.html]
